// Vitest Snapshot v1, https://vitest.dev/guide/snapshot.html

exports[`ReorderColors > Render > renders the popover 1`] = `
<div
  class="w-56"
  data-testid="ReorderColors"
>
  <p
    class="mb-2 font-medium text-foreground-500 text-tiny uppercase"
    id="_r_5_"
  >
    Drag or use arrow keys
  </p>
  <span
    class="sr-only"
    id="_r_6_"
  >
    Use the arrow keys to move this color. Home moves it to the top, End to the bottom.
  </span>
  <span
    aria-live="polite"
    class="sr-only"
    role="status"
  />
  <ul
    aria-labelledby="_r_5_"
    class="space-y-1"
    style="overflow-anchor: none;"
  >
    <li
      class="flex cursor-grab items-center gap-2 rounded-medium px-1 py-1.5 select-none has-[button:focus]:bg-default-100 has-[button:focus]:ring-2 has-[button:focus]:ring-focus hover:bg-default-100 active:cursor-grabbing"
      draggable="false"
      style="z-index: unset; transform: none; -webkit-user-select: none; user-select: none; touch-action: pan-x;"
    >
      <button
        aria-describedby="_r_6_"
        aria-label="Reorder Primary, position 1 of 3"
        class="shrink-0 cursor-grab text-foreground-500 text-lg outline-none active:cursor-grabbing"
        type="button"
      >
        <svg
          fill="currentColor"
          height="1em"
          viewBox="0 0 256 256"
          width="1em"
          xmlns="http://www.w3.org/2000/svg"
        >
          <path
            d="M104,60A12,12,0,1,1,92,48,12,12,0,0,1,104,60Zm60,12a12,12,0,1,0-12-12A12,12,0,0,0,164,72ZM92,116a12,12,0,1,0,12,12A12,12,0,0,0,92,116Zm72,0a12,12,0,1,0,12,12A12,12,0,0,0,164,116ZM92,184a12,12,0,1,0,12,12A12,12,0,0,0,92,184Zm72,0a12,12,0,1,0,12,12A12,12,0,0,0,164,184Z"
          />
        </svg>
      </button>
      <span
        aria-label="Color Box"
        class="shrink-0 bg-(--gamut-bg-oklch) gamut-srgb:bg-(--gamut-bg-hex) size-6 rounded-small"
        style="--gamut-bg-oklch: oklch(63.27% 0.254 19.9); --gamut-bg-hex: #ff0044;"
      />
      <span
        class="truncate text-small"
      >
        Primary
      </span>
    </li>
    <li
      class="flex cursor-grab items-center gap-2 rounded-medium px-1 py-1.5 select-none has-[button:focus]:bg-default-100 has-[button:focus]:ring-2 has-[button:focus]:ring-focus hover:bg-default-100 active:cursor-grabbing"
      draggable="false"
      style="z-index: unset; transform: none; -webkit-user-select: none; user-select: none; touch-action: pan-x;"
    >
      <button
        aria-describedby="_r_6_"
        aria-label="Reorder Secondary, position 2 of 3"
        class="shrink-0 cursor-grab text-foreground-500 text-lg outline-none active:cursor-grabbing"
        type="button"
      >
        <svg
          fill="currentColor"
          height="1em"
          viewBox="0 0 256 256"
          width="1em"
          xmlns="http://www.w3.org/2000/svg"
        >
          <path
            d="M104,60A12,12,0,1,1,92,48,12,12,0,0,1,104,60Zm60,12a12,12,0,1,0-12-12A12,12,0,0,0,164,72ZM92,116a12,12,0,1,0,12,12A12,12,0,0,0,92,116Zm72,0a12,12,0,1,0,12,12A12,12,0,0,0,164,116ZM92,184a12,12,0,1,0,12,12A12,12,0,0,0,92,184Zm72,0a12,12,0,1,0,12,12A12,12,0,0,0,164,184Z"
          />
        </svg>
      </button>
      <span
        aria-label="Color Box"
        class="shrink-0 bg-(--gamut-bg-oklch) gamut-srgb:bg-(--gamut-bg-hex) size-6 rounded-small"
        style="--gamut-bg-oklch: oklch(70.2% 0.265 150); --gamut-bg-hex: #00c82c;"
      />
      <span
        class="truncate text-small"
      >
        Secondary
      </span>
    </li>
    <li
      class="flex cursor-grab items-center gap-2 rounded-medium px-1 py-1.5 select-none has-[button:focus]:bg-default-100 has-[button:focus]:ring-2 has-[button:focus]:ring-focus hover:bg-default-100 active:cursor-grabbing"
      draggable="false"
      style="z-index: unset; transform: none; -webkit-user-select: none; user-select: none; touch-action: pan-x;"
    >
      <button
        aria-describedby="_r_6_"
        aria-label="Reorder Tertiary, position 3 of 3"
        class="shrink-0 cursor-grab text-foreground-500 text-lg outline-none active:cursor-grabbing"
        type="button"
      >
        <svg
          fill="currentColor"
          height="1em"
          viewBox="0 0 256 256"
          width="1em"
          xmlns="http://www.w3.org/2000/svg"
        >
          <path
            d="M104,60A12,12,0,1,1,92,48,12,12,0,0,1,104,60Zm60,12a12,12,0,1,0-12-12A12,12,0,0,0,164,72ZM92,116a12,12,0,1,0,12,12A12,12,0,0,0,92,116Zm72,0a12,12,0,1,0,12,12A12,12,0,0,0,164,116ZM92,184a12,12,0,1,0,12,12A12,12,0,0,0,92,184Zm72,0a12,12,0,1,0,12,12A12,12,0,0,0,164,184Z"
          />
        </svg>
      </button>
      <span
        aria-label="Color Box"
        class="shrink-0 bg-(--gamut-bg-oklch) gamut-srgb:bg-(--gamut-bg-hex) size-6 rounded-small"
        style="--gamut-bg-oklch: oklch(31.92% 0.072 251.17); --gamut-bg-hex: #123456;"
      />
      <span
        class="truncate text-small"
      >
        Tertiary
      </span>
    </li>
  </ul>
</div>
`;
