// Vitest Snapshot v1, https://vitest.dev/guide/snapshot.html

exports[`stores/appStore > initial state > has correct defaults 1`] = `
{
  "clearPalette": [Function],
  "closeLoginModal": [Function],
  "collapseAnimationCount": 0,
  "colorScrollRequest": null,
  "colorSpacing": "wide",
  "decrementCollapseAnimation": [Function],
  "exportColorFormat": "oklch",
  "exportFormatType": "tailwind4",
  "gamut": "p3",
  "groupFilter": [],
  "incrementCollapseAnimation": [Function],
  "lastSavedUrl": null,
  "openLoginModal": [Function],
  "paletteId": null,
  "paletteName": "Color Palette",
  "previewScrollNonce": 0,
  "pruneGroupFilter": [Function],
  "requestColorScroll": [Function],
  "requestPreviewScroll": [Function],
  "resetGroupFilter": [Function],
  "sessionPalettePath": null,
  "setColorSpacing": [Function],
  "setExportColorFormat": [Function],
  "setExportFormatType": [Function],
  "setGamut": [Function],
  "setGroupFilter": [Function],
  "setPalette": [Function],
  "setSessionPalettePath": [Function],
  "setView": [Function],
  "showBottomBar": false,
  "showColorOptionsPanel": false,
  "showLoginModal": false,
  "showPaletteOptionsPanel": false,
  "showPreview": true,
  "showSidebar": true,
  "toggleBottomBar": [Function],
  "toggleColorOptionsPanel": [Function],
  "toggleGroupFilter": [Function],
  "togglePaletteOptionsPanel": [Function],
  "togglePreview": [Function],
  "toggleSidebar": [Function],
  "view": "list",
}
`;
