// Vitest Snapshot v1, https://vitest.dev/guide/snapshot.html

exports[`PanelAddColor > Render > renders correctly 1`] = `
<div>
  <div
    data-overlay-container="true"
  >
    <div
      class="p-4"
    >
      <button
        class="z-0 group relative inline-flex items-center justify-center box-border appearance-none select-none whitespace-nowrap font-normal subpixel-antialiased overflow-hidden tap-highlight-transparent transform-gpu data-[pressed=true]:scale-[0.97] cursor-pointer outline-solid outline-transparent data-[focus-visible=true]:z-10 data-[focus-visible=true]:outline-2 data-[focus-visible=true]:outline-focus data-[focus-visible=true]:outline-offset-2 px-4 min-w-20 h-10 text-small gap-2 rounded-medium w-full [&>svg]:max-w-[theme(spacing.8)] transition-transform-colors-opacity motion-reduce:transition-none bg-primary text-primary-foreground data-[hover=true]:opacity-hover"
        data-react-aria-pressable="true"
        tabindex="0"
        type="button"
      >
        <svg
          aria-hidden="true"
          fill="currentColor"
          focusable="false"
          height="1em"
          viewBox="0 0 256 256"
          width="1em"
          xmlns="http://www.w3.org/2000/svg"
        >
          <path
            d="M224,128a8,8,0,0,1-8,8H136v80a8,8,0,0,1-16,0V136H40a8,8,0,0,1,0-16h80V40a8,8,0,0,1,16,0v80h80A8,8,0,0,1,224,128Z"
          />
        </svg>
        Add Color
      </button>
      <div
        class="flex items-center justify-between mt-2"
      >
        <span
          class="text-sm text-foreground-600"
          id="color-spacing-label"
        >
          Color Spacing
        </span>
        <button
          aria-expanded="false"
          aria-haspopup="true"
          aria-labelledby="color-spacing-label color-spacing-value"
          class="group relative inline-flex items-center justify-center box-border appearance-none select-none whitespace-nowrap font-normal overflow-hidden tap-highlight-transparent transform-gpu data-[pressed=true]:scale-[0.97] cursor-pointer outline-solid outline-transparent data-[focus-visible=true]:z-10 data-[focus-visible=true]:outline-2 data-[focus-visible=true]:outline-focus data-[focus-visible=true]:outline-offset-2 [&>svg]:max-w-[theme(spacing.8)] transition-transform-colors-opacity motion-reduce:transition-none bg-default/40 data-[hover=true]:opacity-hover px-2 min-w-12 h-6 text-tiny gap-1 rounded-small z-10 aria-expanded:scale-[0.97] aria-expanded:opacity-70 subpixel-antialiased text-foreground-600"
          data-react-aria-pressable="true"
          data-slot="trigger"
          id="color-spacing-value"
          tabindex="0"
          type="button"
        >
          Tight
           - 
          30
          °
          <svg
            aria-hidden="true"
            fill="currentColor"
            focusable="false"
            height="1em"
            viewBox="0 0 256 256"
            width="1em"
            xmlns="http://www.w3.org/2000/svg"
          >
            <path
              d="M213.66,101.66l-80,80a8,8,0,0,1-11.32,0l-80-80A8,8,0,0,1,53.66,90.34L128,164.69l74.34-74.35a8,8,0,0,1,11.32,11.32Z"
            />
          </svg>
        </button>
      </div>
    </div>
  </div>
</div>
`;
