// Vitest Snapshot v1, https://vitest.dev/guide/snapshot.html

exports[`ContrastGrid > Render > render correctly > grid 1`] = `
<div
  class="min-w-0 flex-1 overflow-auto max-h-[70vh]"
  data-testid="ContrastGrid-Grid"
>
  <div
    style="display: grid; grid-template-columns: repeat(12, 48px); gap: 4px; width: max-content;"
  >
    <div
      class="size-12 rounded-md flex items-center justify-center text-xs font-medium bg-content1 sticky top-0 left-0 z-30"
    />
    <div
      class="size-12 flex items-center justify-center text-xs font-medium bg-content1 sticky top-0 z-20 rounded-none"
    >
      50
    </div>
    <div
      class="size-12 flex items-center justify-center text-xs font-medium bg-content1 sticky top-0 z-20 rounded-none"
    >
      100
    </div>
    <div
      class="size-12 flex items-center justify-center text-xs font-medium bg-content1 sticky top-0 z-20 rounded-none"
    >
      200
    </div>
    <div
      class="size-12 flex items-center justify-center text-xs font-medium bg-content1 sticky top-0 z-20 rounded-none"
    >
      300
    </div>
    <div
      class="size-12 flex items-center justify-center text-xs font-medium bg-content1 sticky top-0 z-20 rounded-none"
    >
      400
    </div>
    <div
      class="size-12 flex items-center justify-center text-xs font-medium bg-content1 sticky top-0 z-20 rounded-none"
    >
      500
    </div>
    <div
      class="size-12 flex items-center justify-center text-xs font-medium bg-content1 sticky top-0 z-20 rounded-none"
    >
      600
    </div>
    <div
      class="size-12 flex items-center justify-center text-xs font-medium bg-content1 sticky top-0 z-20 rounded-none"
    >
      700
    </div>
    <div
      class="size-12 flex items-center justify-center text-xs font-medium bg-content1 sticky top-0 z-20 rounded-none"
    >
      800
    </div>
    <div
      class="size-12 flex items-center justify-center text-xs font-medium bg-content1 sticky top-0 z-20 rounded-none"
    >
      900
    </div>
    <div
      class="size-12 flex items-center justify-center text-xs font-medium bg-content1 sticky top-0 z-20 rounded-none"
    >
      950
    </div>
    <div
      class="size-12 flex items-center justify-center text-xs font-medium bg-content1 sticky left-0 z-10 rounded-none"
    >
      50
    </div>
    <div
      class="size-12 rounded-md flex items-center justify-center text-xs font-medium text-foreground-400"
      data-state="identity"
      data-testid="ContrastGrid-Cell"
    >
      —
    </div>
    <div
      class="size-12 rounded-md flex items-center justify-center text-xs font-medium"
      data-state="fail"
      data-testid="ContrastGrid-Cell"
      style="background-image: repeating-linear-gradient(45deg, rgba(255, 255, 255, 0.04) 0 4px, transparent 4px 8px);"
    />
    <div
      class="size-12 rounded-md flex items-center justify-center text-xs font-medium"
      data-state="fail"
      data-testid="ContrastGrid-Cell"
      style="background-image: repeating-linear-gradient(45deg, rgba(255, 255, 255, 0.04) 0 4px, transparent 4px 8px);"
    />
    <div
      class="size-12 rounded-md flex items-center justify-center text-xs font-medium"
      data-state="fail"
      data-testid="ContrastGrid-Cell"
      style="background-image: repeating-linear-gradient(45deg, rgba(255, 255, 255, 0.04) 0 4px, transparent 4px 8px);"
    />
    <div
      class="size-12 rounded-md flex items-center justify-center text-xs font-medium"
      data-state="fail"
      data-testid="ContrastGrid-Cell"
      style="background-image: repeating-linear-gradient(45deg, rgba(255, 255, 255, 0.04) 0 4px, transparent 4px 8px);"
    />
    <div
      class="size-12 rounded-md flex items-center justify-center text-xs font-medium"
      data-state="pass"
      data-testid="ContrastGrid-Cell"
      style="background-color: oklch(0.6978 0.183 240); color: oklch(0.97 0.017 240);"
    >
      49
    </div>
    <div
      class="size-12 rounded-md flex items-center justify-center text-xs font-medium"
      data-state="pass"
      data-testid="ContrastGrid-Cell"
      style="background-color: oklch(0.6121 0.183 240); color: oklch(0.97 0.017 240);"
    >
      61
    </div>
    <div
      class="size-12 rounded-md flex items-center justify-center text-xs font-medium"
      data-state="pass"
      data-testid="ContrastGrid-Cell"
      style="background-color: oklch(0.519 0.155 240); color: oklch(0.97 0.017 240);"
    >
      74
    </div>
    <div
      class="size-12 rounded-md flex items-center justify-center text-xs font-medium"
      data-state="pass"
      data-testid="ContrastGrid-Cell"
      style="background-color: oklch(0.419 0.125 240); color: oklch(0.97 0.017 240);"
    >
      86
    </div>
    <div
      class="size-12 rounded-md flex items-center justify-center text-xs font-medium"
      data-state="pass"
      data-testid="ContrastGrid-Cell"
      style="background-color: oklch(0.3126 0.094 240); color: oklch(0.97 0.017 240);"
    >
      95
    </div>
    <div
      class="size-12 rounded-md flex items-center justify-center text-xs font-medium"
      data-state="pass"
      data-testid="ContrastGrid-Cell"
      style="background-color: oklch(0.2 0.06 240); color: oklch(0.97 0.017 240);"
    >
      100
    </div>
    <div
      class="size-12 flex items-center justify-center text-xs font-medium bg-content1 sticky left-0 z-10 rounded-none"
    >
      100
    </div>
    <div
      class="size-12 rounded-md flex items-center justify-center text-xs font-medium"
      data-state="fail"
      data-testid="ContrastGrid-Cell"
      style="background-image: repeating-linear-gradient(45deg, rgba(255, 255, 255, 0.04) 0 4px, transparent 4px 8px);"
    />
    <div
      class="size-12 rounded-md flex items-center justify-center text-xs font-medium text-foreground-400"
      data-state="identity"
      data-testid="ContrastGrid-Cell"
    >
      —
    </div>
    <div
      class="size-12 rounded-md flex items-center justify-center text-xs font-medium"
      data-state="fail"
      data-testid="ContrastGrid-Cell"
      style="background-image: repeating-linear-gradient(45deg, rgba(255, 255, 255, 0.04) 0 4px, transparent 4px 8px);"
    />
    <div
      class="size-12 rounded-md flex items-center justify-center text-xs font-medium"
      data-state="fail"
      data-testid="ContrastGrid-Cell"
      style="background-image: repeating-linear-gradient(45deg, rgba(255, 255, 255, 0.04) 0 4px, transparent 4px 8px);"
    />
    <div
      class="size-12 rounded-md flex items-center justify-center text-xs font-medium"
      data-state="fail"
      data-testid="ContrastGrid-Cell"
      style="background-image: repeating-linear-gradient(45deg, rgba(255, 255, 255, 0.04) 0 4px, transparent 4px 8px);"
    />
    <div
      class="size-12 rounded-md flex items-center justify-center text-xs font-medium"
      data-state="fail"
      data-testid="ContrastGrid-Cell"
      style="background-image: repeating-linear-gradient(45deg, rgba(255, 255, 255, 0.04) 0 4px, transparent 4px 8px);"
    />
    <div
      class="size-12 rounded-md flex items-center justify-center text-xs font-medium"
      data-state="pass"
      data-testid="ContrastGrid-Cell"
      style="background-color: oklch(0.6121 0.183 240); color: oklch(0.9457 0.032 240);"
    >
      56
    </div>
    <div
      class="size-12 rounded-md flex items-center justify-center text-xs font-medium"
      data-state="pass"
      data-testid="ContrastGrid-Cell"
      style="background-color: oklch(0.519 0.155 240); color: oklch(0.9457 0.032 240);"
    >
      69
    </div>
    <div
      class="size-12 rounded-md flex items-center justify-center text-xs font-medium"
      data-state="pass"
      data-testid="ContrastGrid-Cell"
      style="background-color: oklch(0.419 0.125 240); color: oklch(0.9457 0.032 240);"
    >
      81
    </div>
    <div
      class="size-12 rounded-md flex items-center justify-center text-xs font-medium"
      data-state="pass"
      data-testid="ContrastGrid-Cell"
      style="background-color: oklch(0.3126 0.094 240); color: oklch(0.9457 0.032 240);"
    >
      90
    </div>
    <div
      class="size-12 rounded-md flex items-center justify-center text-xs font-medium"
      data-state="pass"
      data-testid="ContrastGrid-Cell"
      style="background-color: oklch(0.2 0.06 240); color: oklch(0.9457 0.032 240);"
    >
      95
    </div>
    <div
      class="size-12 flex items-center justify-center text-xs font-medium bg-content1 sticky left-0 z-10 rounded-none"
    >
      200
    </div>
    <div
      class="size-12 rounded-md flex items-center justify-center text-xs font-medium"
      data-state="fail"
      data-testid="ContrastGrid-Cell"
      style="background-image: repeating-linear-gradient(45deg, rgba(255, 255, 255, 0.04) 0 4px, transparent 4px 8px);"
    />
    <div
      class="size-12 rounded-md flex items-center justify-center text-xs font-medium"
      data-state="fail"
      data-testid="ContrastGrid-Cell"
      style="background-image: repeating-linear-gradient(45deg, rgba(255, 255, 255, 0.04) 0 4px, transparent 4px 8px);"
    />
    <div
      class="size-12 rounded-md flex items-center justify-center text-xs font-medium text-foreground-400"
      data-state="identity"
      data-testid="ContrastGrid-Cell"
    >
      —
    </div>
    <div
      class="size-12 rounded-md flex items-center justify-center text-xs font-medium"
      data-state="fail"
      data-testid="ContrastGrid-Cell"
      style="background-image: repeating-linear-gradient(45deg, rgba(255, 255, 255, 0.04) 0 4px, transparent 4px 8px);"
    />
    <div
      class="size-12 rounded-md flex items-center justify-center text-xs font-medium"
      data-state="fail"
      data-testid="ContrastGrid-Cell"
      style="background-image: repeating-linear-gradient(45deg, rgba(255, 255, 255, 0.04) 0 4px, transparent 4px 8px);"
    />
    <div
      class="size-12 rounded-md flex items-center justify-center text-xs font-medium"
      data-state="fail"
      data-testid="ContrastGrid-Cell"
      style="background-image: repeating-linear-gradient(45deg, rgba(255, 255, 255, 0.04) 0 4px, transparent 4px 8px);"
    />
    <div
      class="size-12 rounded-md flex items-center justify-center text-xs font-medium"
      data-state="pass"
      data-testid="ContrastGrid-Cell"
      style="background-color: oklch(0.6121 0.183 240); color: oklch(0.9011 0.059 240);"
    >
      47
    </div>
    <div
      class="size-12 rounded-md flex items-center justify-center text-xs font-medium"
      data-state="pass"
      data-testid="ContrastGrid-Cell"
      style="background-color: oklch(0.519 0.155 240); color: oklch(0.9011 0.059 240);"
    >
      60
    </div>
    <div
      class="size-12 rounded-md flex items-center justify-center text-xs font-medium"
      data-state="pass"
      data-testid="ContrastGrid-Cell"
      style="background-color: oklch(0.419 0.125 240); color: oklch(0.9011 0.059 240);"
    >
      71
    </div>
    <div
      class="size-12 rounded-md flex items-center justify-center text-xs font-medium"
      data-state="pass"
      data-testid="ContrastGrid-Cell"
      style="background-color: oklch(0.3126 0.094 240); color: oklch(0.9011 0.059 240);"
    >
      81
    </div>
    <div
      class="size-12 rounded-md flex items-center justify-center text-xs font-medium"
      data-state="pass"
      data-testid="ContrastGrid-Cell"
      style="background-color: oklch(0.2 0.06 240); color: oklch(0.9011 0.059 240);"
    >
      86
    </div>
    <div
      class="size-12 flex items-center justify-center text-xs font-medium bg-content1 sticky left-0 z-10 rounded-none"
    >
      300
    </div>
    <div
      class="size-12 rounded-md flex items-center justify-center text-xs font-medium"
      data-state="fail"
      data-testid="ContrastGrid-Cell"
      style="background-image: repeating-linear-gradient(45deg, rgba(255, 255, 255, 0.04) 0 4px, transparent 4px 8px);"
    />
    <div
      class="size-12 rounded-md flex items-center justify-center text-xs font-medium"
      data-state="fail"
      data-testid="ContrastGrid-Cell"
      style="background-image: repeating-linear-gradient(45deg, rgba(255, 255, 255, 0.04) 0 4px, transparent 4px 8px);"
    />
    <div
      class="size-12 rounded-md flex items-center justify-center text-xs font-medium"
      data-state="fail"
      data-testid="ContrastGrid-Cell"
      style="background-image: repeating-linear-gradient(45deg, rgba(255, 255, 255, 0.04) 0 4px, transparent 4px 8px);"
    />
    <div
      class="size-12 rounded-md flex items-center justify-center text-xs font-medium text-foreground-400"
      data-state="identity"
      data-testid="ContrastGrid-Cell"
    >
      —
    </div>
    <div
      class="size-12 rounded-md flex items-center justify-center text-xs font-medium"
      data-state="fail"
      data-testid="ContrastGrid-Cell"
      style="background-image: repeating-linear-gradient(45deg, rgba(255, 255, 255, 0.04) 0 4px, transparent 4px 8px);"
    />
    <div
      class="size-12 rounded-md flex items-center justify-center text-xs font-medium"
      data-state="fail"
      data-testid="ContrastGrid-Cell"
      style="background-image: repeating-linear-gradient(45deg, rgba(255, 255, 255, 0.04) 0 4px, transparent 4px 8px);"
    />
    <div
      class="size-12 rounded-md flex items-center justify-center text-xs font-medium"
      data-state="fail"
      data-testid="ContrastGrid-Cell"
      style="background-image: repeating-linear-gradient(45deg, rgba(255, 255, 255, 0.04) 0 4px, transparent 4px 8px);"
    />
    <div
      class="size-12 rounded-md flex items-center justify-center text-xs font-medium"
      data-state="pass"
      data-testid="ContrastGrid-Cell"
      style="background-color: oklch(0.519 0.155 240); color: oklch(0.8435 0.095 240);"
    >
      49
    </div>
    <div
      class="size-12 rounded-md flex items-center justify-center text-xs font-medium"
      data-state="pass"
      data-testid="ContrastGrid-Cell"
      style="background-color: oklch(0.419 0.125 240); color: oklch(0.8435 0.095 240);"
    >
      60
    </div>
    <div
      class="size-12 rounded-md flex items-center justify-center text-xs font-medium"
      data-state="pass"
      data-testid="ContrastGrid-Cell"
      style="background-color: oklch(0.3126 0.094 240); color: oklch(0.8435 0.095 240);"
    >
      69
    </div>
    <div
      class="size-12 rounded-md flex items-center justify-center text-xs font-medium"
      data-state="pass"
      data-testid="ContrastGrid-Cell"
      style="background-color: oklch(0.2 0.06 240); color: oklch(0.8435 0.095 240);"
    >
      75
    </div>
    <div
      class="size-12 flex items-center justify-center text-xs font-medium bg-content1 sticky left-0 z-10 rounded-none"
    >
      400
    </div>
    <div
      class="size-12 rounded-md flex items-center justify-center text-xs font-medium"
      data-state="fail"
      data-testid="ContrastGrid-Cell"
      style="background-image: repeating-linear-gradient(45deg, rgba(255, 255, 255, 0.04) 0 4px, transparent 4px 8px);"
    />
    <div
      class="size-12 rounded-md flex items-center justify-center text-xs font-medium"
      data-state="fail"
      data-testid="ContrastGrid-Cell"
      style="background-image: repeating-linear-gradient(45deg, rgba(255, 255, 255, 0.04) 0 4px, transparent 4px 8px);"
    />
    <div
      class="size-12 rounded-md flex items-center justify-center text-xs font-medium"
      data-state="fail"
      data-testid="ContrastGrid-Cell"
      style="background-image: repeating-linear-gradient(45deg, rgba(255, 255, 255, 0.04) 0 4px, transparent 4px 8px);"
    />
    <div
      class="size-12 rounded-md flex items-center justify-center text-xs font-medium"
      data-state="fail"
      data-testid="ContrastGrid-Cell"
      style="background-image: repeating-linear-gradient(45deg, rgba(255, 255, 255, 0.04) 0 4px, transparent 4px 8px);"
    />
    <div
      class="size-12 rounded-md flex items-center justify-center text-xs font-medium text-foreground-400"
      data-state="identity"
      data-testid="ContrastGrid-Cell"
    >
      —
    </div>
    <div
      class="size-12 rounded-md flex items-center justify-center text-xs font-medium"
      data-state="fail"
      data-testid="ContrastGrid-Cell"
      style="background-image: repeating-linear-gradient(45deg, rgba(255, 255, 255, 0.04) 0 4px, transparent 4px 8px);"
    />
    <div
      class="size-12 rounded-md flex items-center justify-center text-xs font-medium"
      data-state="fail"
      data-testid="ContrastGrid-Cell"
      style="background-image: repeating-linear-gradient(45deg, rgba(255, 255, 255, 0.04) 0 4px, transparent 4px 8px);"
    />
    <div
      class="size-12 rounded-md flex items-center justify-center text-xs font-medium"
      data-state="fail"
      data-testid="ContrastGrid-Cell"
      style="background-image: repeating-linear-gradient(45deg, rgba(255, 255, 255, 0.04) 0 4px, transparent 4px 8px);"
    />
    <div
      class="size-12 rounded-md flex items-center justify-center text-xs font-medium"
      data-state="pass"
      data-testid="ContrastGrid-Cell"
      style="background-color: oklch(0.419 0.125 240); color: oklch(0.7752 0.139 240);"
    >
      48
    </div>
    <div
      class="size-12 rounded-md flex items-center justify-center text-xs font-medium"
      data-state="pass"
      data-testid="ContrastGrid-Cell"
      style="background-color: oklch(0.3126 0.094 240); color: oklch(0.7752 0.139 240);"
    >
      57
    </div>
    <div
      class="size-12 rounded-md flex items-center justify-center text-xs font-medium"
      data-state="pass"
      data-testid="ContrastGrid-Cell"
      style="background-color: oklch(0.2 0.06 240); color: oklch(0.7752 0.139 240);"
    >
      63
    </div>
    <div
      class="size-12 flex items-center justify-center text-xs font-medium bg-content1 sticky left-0 z-10 rounded-none"
    >
      500
    </div>
    <div
      class="size-12 rounded-md flex items-center justify-center text-xs font-medium"
      data-state="fail"
      data-testid="ContrastGrid-Cell"
      style="background-image: repeating-linear-gradient(45deg, rgba(255, 255, 255, 0.04) 0 4px, transparent 4px 8px);"
    />
    <div
      class="size-12 rounded-md flex items-center justify-center text-xs font-medium"
      data-state="fail"
      data-testid="ContrastGrid-Cell"
      style="background-image: repeating-linear-gradient(45deg, rgba(255, 255, 255, 0.04) 0 4px, transparent 4px 8px);"
    />
    <div
      class="size-12 rounded-md flex items-center justify-center text-xs font-medium"
      data-state="fail"
      data-testid="ContrastGrid-Cell"
      style="background-image: repeating-linear-gradient(45deg, rgba(255, 255, 255, 0.04) 0 4px, transparent 4px 8px);"
    />
    <div
      class="size-12 rounded-md flex items-center justify-center text-xs font-medium"
      data-state="fail"
      data-testid="ContrastGrid-Cell"
      style="background-image: repeating-linear-gradient(45deg, rgba(255, 255, 255, 0.04) 0 4px, transparent 4px 8px);"
    />
    <div
      class="size-12 rounded-md flex items-center justify-center text-xs font-medium"
      data-state="fail"
      data-testid="ContrastGrid-Cell"
      style="background-image: repeating-linear-gradient(45deg, rgba(255, 255, 255, 0.04) 0 4px, transparent 4px 8px);"
    />
    <div
      class="size-12 rounded-md flex items-center justify-center text-xs font-medium text-foreground-400"
      data-state="identity"
      data-testid="ContrastGrid-Cell"
    >
      —
    </div>
    <div
      class="size-12 rounded-md flex items-center justify-center text-xs font-medium"
      data-state="fail"
      data-testid="ContrastGrid-Cell"
      style="background-image: repeating-linear-gradient(45deg, rgba(255, 255, 255, 0.04) 0 4px, transparent 4px 8px);"
    />
    <div
      class="size-12 rounded-md flex items-center justify-center text-xs font-medium"
      data-state="fail"
      data-testid="ContrastGrid-Cell"
      style="background-image: repeating-linear-gradient(45deg, rgba(255, 255, 255, 0.04) 0 4px, transparent 4px 8px);"
    />
    <div
      class="size-12 rounded-md flex items-center justify-center text-xs font-medium"
      data-state="fail"
      data-testid="ContrastGrid-Cell"
      style="background-image: repeating-linear-gradient(45deg, rgba(255, 255, 255, 0.04) 0 4px, transparent 4px 8px);"
    />
    <div
      class="size-12 rounded-md flex items-center justify-center text-xs font-medium"
      data-state="pass"
      data-testid="ContrastGrid-Cell"
      style="background-color: oklch(0.3126 0.094 240); color: oklch(0.6978 0.183 240);"
    >
      45
    </div>
    <div
      class="size-12 rounded-md flex items-center justify-center text-xs font-medium"
      data-state="pass"
      data-testid="ContrastGrid-Cell"
      style="background-color: oklch(0.2 0.06 240); color: oklch(0.6978 0.183 240);"
    >
      51
    </div>
    <div
      class="size-12 flex items-center justify-center text-xs font-medium bg-content1 sticky left-0 z-10 rounded-none"
    >
      600
    </div>
    <div
      class="size-12 rounded-md flex items-center justify-center text-xs font-medium"
      data-state="pass"
      data-testid="ContrastGrid-Cell"
      style="background-color: oklch(0.97 0.017 240); color: oklch(0.6121 0.183 240);"
    >
      56
    </div>
    <div
      class="size-12 rounded-md flex items-center justify-center text-xs font-medium"
      data-state="pass"
      data-testid="ContrastGrid-Cell"
      style="background-color: oklch(0.9457 0.032 240); color: oklch(0.6121 0.183 240);"
    >
      52
    </div>
    <div
      class="size-12 rounded-md flex items-center justify-center text-xs font-medium"
      data-state="fail"
      data-testid="ContrastGrid-Cell"
      style="background-image: repeating-linear-gradient(45deg, rgba(255, 255, 255, 0.04) 0 4px, transparent 4px 8px);"
    />
    <div
      class="size-12 rounded-md flex items-center justify-center text-xs font-medium"
      data-state="fail"
      data-testid="ContrastGrid-Cell"
      style="background-image: repeating-linear-gradient(45deg, rgba(255, 255, 255, 0.04) 0 4px, transparent 4px 8px);"
    />
    <div
      class="size-12 rounded-md flex items-center justify-center text-xs font-medium"
      data-state="fail"
      data-testid="ContrastGrid-Cell"
      style="background-image: repeating-linear-gradient(45deg, rgba(255, 255, 255, 0.04) 0 4px, transparent 4px 8px);"
    />
    <div
      class="size-12 rounded-md flex items-center justify-center text-xs font-medium"
      data-state="fail"
      data-testid="ContrastGrid-Cell"
      style="background-image: repeating-linear-gradient(45deg, rgba(255, 255, 255, 0.04) 0 4px, transparent 4px 8px);"
    />
    <div
      class="size-12 rounded-md flex items-center justify-center text-xs font-medium text-foreground-400"
      data-state="identity"
      data-testid="ContrastGrid-Cell"
    >
      —
    </div>
    <div
      class="size-12 rounded-md flex items-center justify-center text-xs font-medium"
      data-state="fail"
      data-testid="ContrastGrid-Cell"
      style="background-image: repeating-linear-gradient(45deg, rgba(255, 255, 255, 0.04) 0 4px, transparent 4px 8px);"
    />
    <div
      class="size-12 rounded-md flex items-center justify-center text-xs font-medium"
      data-state="fail"
      data-testid="ContrastGrid-Cell"
      style="background-image: repeating-linear-gradient(45deg, rgba(255, 255, 255, 0.04) 0 4px, transparent 4px 8px);"
    />
    <div
      class="size-12 rounded-md flex items-center justify-center text-xs font-medium"
      data-state="fail"
      data-testid="ContrastGrid-Cell"
      style="background-image: repeating-linear-gradient(45deg, rgba(255, 255, 255, 0.04) 0 4px, transparent 4px 8px);"
    />
    <div
      class="size-12 rounded-md flex items-center justify-center text-xs font-medium"
      data-state="fail"
      data-testid="ContrastGrid-Cell"
      style="background-image: repeating-linear-gradient(45deg, rgba(255, 255, 255, 0.04) 0 4px, transparent 4px 8px);"
    />
    <div
      class="size-12 flex items-center justify-center text-xs font-medium bg-content1 sticky left-0 z-10 rounded-none"
    >
      700
    </div>
    <div
      class="size-12 rounded-md flex items-center justify-center text-xs font-medium"
      data-state="pass"
      data-testid="ContrastGrid-Cell"
      style="background-color: oklch(0.97 0.017 240); color: oklch(0.519 0.155 240);"
    >
      69
    </div>
    <div
      class="size-12 rounded-md flex items-center justify-center text-xs font-medium"
      data-state="pass"
      data-testid="ContrastGrid-Cell"
      style="background-color: oklch(0.9457 0.032 240); color: oklch(0.519 0.155 240);"
    >
      65
    </div>
    <div
      class="size-12 rounded-md flex items-center justify-center text-xs font-medium"
      data-state="pass"
      data-testid="ContrastGrid-Cell"
      style="background-color: oklch(0.9011 0.059 240); color: oklch(0.519 0.155 240);"
    >
      56
    </div>
    <div
      class="size-12 rounded-md flex items-center justify-center text-xs font-medium"
      data-state="pass"
      data-testid="ContrastGrid-Cell"
      style="background-color: oklch(0.8435 0.095 240); color: oklch(0.519 0.155 240);"
    >
      46
    </div>
    <div
      class="size-12 rounded-md flex items-center justify-center text-xs font-medium"
      data-state="fail"
      data-testid="ContrastGrid-Cell"
      style="background-image: repeating-linear-gradient(45deg, rgba(255, 255, 255, 0.04) 0 4px, transparent 4px 8px);"
    />
    <div
      class="size-12 rounded-md flex items-center justify-center text-xs font-medium"
      data-state="fail"
      data-testid="ContrastGrid-Cell"
      style="background-image: repeating-linear-gradient(45deg, rgba(255, 255, 255, 0.04) 0 4px, transparent 4px 8px);"
    />
    <div
      class="size-12 rounded-md flex items-center justify-center text-xs font-medium"
      data-state="fail"
      data-testid="ContrastGrid-Cell"
      style="background-image: repeating-linear-gradient(45deg, rgba(255, 255, 255, 0.04) 0 4px, transparent 4px 8px);"
    />
    <div
      class="size-12 rounded-md flex items-center justify-center text-xs font-medium text-foreground-400"
      data-state="identity"
      data-testid="ContrastGrid-Cell"
    >
      —
    </div>
    <div
      class="size-12 rounded-md flex items-center justify-center text-xs font-medium"
      data-state="fail"
      data-testid="ContrastGrid-Cell"
      style="background-image: repeating-linear-gradient(45deg, rgba(255, 255, 255, 0.04) 0 4px, transparent 4px 8px);"
    />
    <div
      class="size-12 rounded-md flex items-center justify-center text-xs font-medium"
      data-state="fail"
      data-testid="ContrastGrid-Cell"
      style="background-image: repeating-linear-gradient(45deg, rgba(255, 255, 255, 0.04) 0 4px, transparent 4px 8px);"
    />
    <div
      class="size-12 rounded-md flex items-center justify-center text-xs font-medium"
      data-state="fail"
      data-testid="ContrastGrid-Cell"
      style="background-image: repeating-linear-gradient(45deg, rgba(255, 255, 255, 0.04) 0 4px, transparent 4px 8px);"
    />
    <div
      class="size-12 flex items-center justify-center text-xs font-medium bg-content1 sticky left-0 z-10 rounded-none"
    >
      800
    </div>
    <div
      class="size-12 rounded-md flex items-center justify-center text-xs font-medium"
      data-state="pass"
      data-testid="ContrastGrid-Cell"
      style="background-color: oklch(0.97 0.017 240); color: oklch(0.419 0.125 240);"
    >
      82
    </div>
    <div
      class="size-12 rounded-md flex items-center justify-center text-xs font-medium"
      data-state="pass"
      data-testid="ContrastGrid-Cell"
      style="background-color: oklch(0.9457 0.032 240); color: oklch(0.419 0.125 240);"
    >
      77
    </div>
    <div
      class="size-12 rounded-md flex items-center justify-center text-xs font-medium"
      data-state="pass"
      data-testid="ContrastGrid-Cell"
      style="background-color: oklch(0.9011 0.059 240); color: oklch(0.419 0.125 240);"
    >
      69
    </div>
    <div
      class="size-12 rounded-md flex items-center justify-center text-xs font-medium"
      data-state="pass"
      data-testid="ContrastGrid-Cell"
      style="background-color: oklch(0.8435 0.095 240); color: oklch(0.419 0.125 240);"
    >
      58
    </div>
    <div
      class="size-12 rounded-md flex items-center justify-center text-xs font-medium"
      data-state="pass"
      data-testid="ContrastGrid-Cell"
      style="background-color: oklch(0.7752 0.139 240); color: oklch(0.419 0.125 240);"
    >
      47
    </div>
    <div
      class="size-12 rounded-md flex items-center justify-center text-xs font-medium"
      data-state="fail"
      data-testid="ContrastGrid-Cell"
      style="background-image: repeating-linear-gradient(45deg, rgba(255, 255, 255, 0.04) 0 4px, transparent 4px 8px);"
    />
    <div
      class="size-12 rounded-md flex items-center justify-center text-xs font-medium"
      data-state="fail"
      data-testid="ContrastGrid-Cell"
      style="background-image: repeating-linear-gradient(45deg, rgba(255, 255, 255, 0.04) 0 4px, transparent 4px 8px);"
    />
    <div
      class="size-12 rounded-md flex items-center justify-center text-xs font-medium"
      data-state="fail"
      data-testid="ContrastGrid-Cell"
      style="background-image: repeating-linear-gradient(45deg, rgba(255, 255, 255, 0.04) 0 4px, transparent 4px 8px);"
    />
    <div
      class="size-12 rounded-md flex items-center justify-center text-xs font-medium text-foreground-400"
      data-state="identity"
      data-testid="ContrastGrid-Cell"
    >
      —
    </div>
    <div
      class="size-12 rounded-md flex items-center justify-center text-xs font-medium"
      data-state="fail"
      data-testid="ContrastGrid-Cell"
      style="background-image: repeating-linear-gradient(45deg, rgba(255, 255, 255, 0.04) 0 4px, transparent 4px 8px);"
    />
    <div
      class="size-12 rounded-md flex items-center justify-center text-xs font-medium"
      data-state="fail"
      data-testid="ContrastGrid-Cell"
      style="background-image: repeating-linear-gradient(45deg, rgba(255, 255, 255, 0.04) 0 4px, transparent 4px 8px);"
    />
    <div
      class="size-12 flex items-center justify-center text-xs font-medium bg-content1 sticky left-0 z-10 rounded-none"
    >
      900
    </div>
    <div
      class="size-12 rounded-md flex items-center justify-center text-xs font-medium"
      data-state="pass"
      data-testid="ContrastGrid-Cell"
      style="background-color: oklch(0.97 0.017 240); color: oklch(0.3126 0.094 240);"
    >
      92
    </div>
    <div
      class="size-12 rounded-md flex items-center justify-center text-xs font-medium"
      data-state="pass"
      data-testid="ContrastGrid-Cell"
      style="background-color: oklch(0.9457 0.032 240); color: oklch(0.3126 0.094 240);"
    >
      88
    </div>
    <div
      class="size-12 rounded-md flex items-center justify-center text-xs font-medium"
      data-state="pass"
      data-testid="ContrastGrid-Cell"
      style="background-color: oklch(0.9011 0.059 240); color: oklch(0.3126 0.094 240);"
    >
      79
    </div>
    <div
      class="size-12 rounded-md flex items-center justify-center text-xs font-medium"
      data-state="pass"
      data-testid="ContrastGrid-Cell"
      style="background-color: oklch(0.8435 0.095 240); color: oklch(0.3126 0.094 240);"
    >
      69
    </div>
    <div
      class="size-12 rounded-md flex items-center justify-center text-xs font-medium"
      data-state="pass"
      data-testid="ContrastGrid-Cell"
      style="background-color: oklch(0.7752 0.139 240); color: oklch(0.3126 0.094 240);"
    >
      57
    </div>
    <div
      class="size-12 rounded-md flex items-center justify-center text-xs font-medium"
      data-state="pass"
      data-testid="ContrastGrid-Cell"
      style="background-color: oklch(0.6978 0.183 240); color: oklch(0.3126 0.094 240);"
    >
      46
    </div>
    <div
      class="size-12 rounded-md flex items-center justify-center text-xs font-medium"
      data-state="fail"
      data-testid="ContrastGrid-Cell"
      style="background-image: repeating-linear-gradient(45deg, rgba(255, 255, 255, 0.04) 0 4px, transparent 4px 8px);"
    />
    <div
      class="size-12 rounded-md flex items-center justify-center text-xs font-medium"
      data-state="fail"
      data-testid="ContrastGrid-Cell"
      style="background-image: repeating-linear-gradient(45deg, rgba(255, 255, 255, 0.04) 0 4px, transparent 4px 8px);"
    />
    <div
      class="size-12 rounded-md flex items-center justify-center text-xs font-medium"
      data-state="fail"
      data-testid="ContrastGrid-Cell"
      style="background-image: repeating-linear-gradient(45deg, rgba(255, 255, 255, 0.04) 0 4px, transparent 4px 8px);"
    />
    <div
      class="size-12 rounded-md flex items-center justify-center text-xs font-medium text-foreground-400"
      data-state="identity"
      data-testid="ContrastGrid-Cell"
    >
      —
    </div>
    <div
      class="size-12 rounded-md flex items-center justify-center text-xs font-medium"
      data-state="fail"
      data-testid="ContrastGrid-Cell"
      style="background-image: repeating-linear-gradient(45deg, rgba(255, 255, 255, 0.04) 0 4px, transparent 4px 8px);"
    />
    <div
      class="size-12 flex items-center justify-center text-xs font-medium bg-content1 sticky left-0 z-10 rounded-none"
    >
      950
    </div>
    <div
      class="size-12 rounded-md flex items-center justify-center text-xs font-medium"
      data-state="pass"
      data-testid="ContrastGrid-Cell"
      style="background-color: oklch(0.97 0.017 240); color: oklch(0.2 0.06 240);"
    >
      99
    </div>
    <div
      class="size-12 rounded-md flex items-center justify-center text-xs font-medium"
      data-state="pass"
      data-testid="ContrastGrid-Cell"
      style="background-color: oklch(0.9457 0.032 240); color: oklch(0.2 0.06 240);"
    >
      94
    </div>
    <div
      class="size-12 rounded-md flex items-center justify-center text-xs font-medium"
      data-state="pass"
      data-testid="ContrastGrid-Cell"
      style="background-color: oklch(0.9011 0.059 240); color: oklch(0.2 0.06 240);"
    >
      85
    </div>
    <div
      class="size-12 rounded-md flex items-center justify-center text-xs font-medium"
      data-state="pass"
      data-testid="ContrastGrid-Cell"
      style="background-color: oklch(0.8435 0.095 240); color: oklch(0.2 0.06 240);"
    >
      75
    </div>
    <div
      class="size-12 rounded-md flex items-center justify-center text-xs font-medium"
      data-state="pass"
      data-testid="ContrastGrid-Cell"
      style="background-color: oklch(0.7752 0.139 240); color: oklch(0.2 0.06 240);"
    >
      64
    </div>
    <div
      class="size-12 rounded-md flex items-center justify-center text-xs font-medium"
      data-state="pass"
      data-testid="ContrastGrid-Cell"
      style="background-color: oklch(0.6978 0.183 240); color: oklch(0.2 0.06 240);"
    >
      52
    </div>
    <div
      class="size-12 rounded-md flex items-center justify-center text-xs font-medium"
      data-state="fail"
      data-testid="ContrastGrid-Cell"
      style="background-image: repeating-linear-gradient(45deg, rgba(255, 255, 255, 0.04) 0 4px, transparent 4px 8px);"
    />
    <div
      class="size-12 rounded-md flex items-center justify-center text-xs font-medium"
      data-state="fail"
      data-testid="ContrastGrid-Cell"
      style="background-image: repeating-linear-gradient(45deg, rgba(255, 255, 255, 0.04) 0 4px, transparent 4px 8px);"
    />
    <div
      class="size-12 rounded-md flex items-center justify-center text-xs font-medium"
      data-state="fail"
      data-testid="ContrastGrid-Cell"
      style="background-image: repeating-linear-gradient(45deg, rgba(255, 255, 255, 0.04) 0 4px, transparent 4px 8px);"
    />
    <div
      class="size-12 rounded-md flex items-center justify-center text-xs font-medium"
      data-state="fail"
      data-testid="ContrastGrid-Cell"
      style="background-image: repeating-linear-gradient(45deg, rgba(255, 255, 255, 0.04) 0 4px, transparent 4px 8px);"
    />
    <div
      class="size-12 rounded-md flex items-center justify-center text-xs font-medium text-foreground-400"
      data-state="identity"
      data-testid="ContrastGrid-Cell"
    >
      —
    </div>
  </div>
</div>
`;

exports[`ContrastGrid > Render > render correctly > header 1`] = `
<header
  class="flex flex-initial p-4 text-lg/3 gap-1 font-normal"
  data-testid="ContrastGrid-Header"
  id="_r_a_"
>
  <span>
    Contrast grid
  </span>
  <span>
    ·
  </span>
  <span
    class="text-foreground-500"
  >
    Primary
  </span>
</header>
`;

exports[`ContrastGrid > Render > render correctly > sidebar 1`] = `
<aside
  class="shrink-0 w-full md:w-44 flex flex-col text-sm"
  data-testid="ContrastGrid-Sidebar"
>
  <section>
    <p
      class="text-foreground-500 uppercase text-xs tracking-wide mb-2"
    >
      Guidelines
    </p>
    <div
      class="flex flex-row md:flex-col gap-1"
    >
      <button
        class="z-0 group relative inline-flex items-center box-border appearance-none select-none whitespace-nowrap font-normal subpixel-antialiased overflow-hidden tap-highlight-transparent transform-gpu data-[pressed=true]:scale-[0.97] cursor-pointer outline-solid outline-transparent data-[focus-visible=true]:z-10 data-[focus-visible=true]:outline-2 data-[focus-visible=true]:outline-focus data-[focus-visible=true]:outline-offset-2 min-w-16 gap-2 [&>svg]:max-w-[theme(spacing.8)] transition-transform-colors-opacity motion-reduce:transition-none data-[hover=true]:bg-default/40 md:w-full justify-start h-8 px-3 text-sm rounded-md bg-default-200 text-foreground"
        data-react-aria-pressable="true"
        tabindex="0"
        type="button"
      >
        WCAG 3 · APCA
      </button>
      <button
        class="z-0 group relative inline-flex items-center box-border appearance-none select-none whitespace-nowrap font-normal subpixel-antialiased overflow-hidden tap-highlight-transparent transform-gpu data-[pressed=true]:scale-[0.97] cursor-pointer outline-solid outline-transparent data-[focus-visible=true]:z-10 data-[focus-visible=true]:outline-2 data-[focus-visible=true]:outline-focus data-[focus-visible=true]:outline-offset-2 min-w-16 gap-2 [&>svg]:max-w-[theme(spacing.8)] transition-transform-colors-opacity motion-reduce:transition-none data-[hover=true]:bg-default/40 md:w-full justify-start h-8 px-3 text-sm rounded-md bg-transparent text-foreground-500"
        data-react-aria-pressable="true"
        tabindex="0"
        type="button"
      >
        WCAG 2
      </button>
    </div>
  </section>
  <section
    class="mt-6"
  >
    <p
      class="text-foreground-500 uppercase text-xs tracking-wide mb-2"
    >
      <span>
        APCA 
        <span>
          L
          <sup>
            c
          </sup>
        </span>
      </span>
    </p>
    <div
      class="flex flex-row flex-wrap md:flex-col gap-1 overflow-x-auto"
    >
      <button
        class="z-0 group relative inline-flex items-center box-border appearance-none select-none whitespace-nowrap font-normal subpixel-antialiased overflow-hidden tap-highlight-transparent transform-gpu data-[pressed=true]:scale-[0.97] cursor-pointer outline-solid outline-transparent data-[focus-visible=true]:z-10 data-[focus-visible=true]:outline-2 data-[focus-visible=true]:outline-focus data-[focus-visible=true]:outline-offset-2 min-w-16 gap-2 [&>svg]:max-w-[theme(spacing.8)] transition-transform-colors-opacity motion-reduce:transition-none data-[hover=true]:bg-default/40 md:w-full justify-start h-8 px-3 text-sm rounded-md bg-transparent text-foreground-500"
        data-react-aria-pressable="true"
        tabindex="0"
        type="button"
      >
        Decorative 15+
      </button>
      <button
        class="z-0 group relative inline-flex items-center box-border appearance-none select-none whitespace-nowrap font-normal subpixel-antialiased overflow-hidden tap-highlight-transparent transform-gpu data-[pressed=true]:scale-[0.97] cursor-pointer outline-solid outline-transparent data-[focus-visible=true]:z-10 data-[focus-visible=true]:outline-2 data-[focus-visible=true]:outline-focus data-[focus-visible=true]:outline-offset-2 min-w-16 gap-2 [&>svg]:max-w-[theme(spacing.8)] transition-transform-colors-opacity motion-reduce:transition-none data-[hover=true]:bg-default/40 md:w-full justify-start h-8 px-3 text-sm rounded-md bg-transparent text-foreground-500"
        data-react-aria-pressable="true"
        tabindex="0"
        type="button"
      >
        Non-content 30+
      </button>
      <button
        class="z-0 group relative inline-flex items-center box-border appearance-none select-none whitespace-nowrap font-normal subpixel-antialiased overflow-hidden tap-highlight-transparent transform-gpu data-[pressed=true]:scale-[0.97] cursor-pointer outline-solid outline-transparent data-[focus-visible=true]:z-10 data-[focus-visible=true]:outline-2 data-[focus-visible=true]:outline-focus data-[focus-visible=true]:outline-offset-2 min-w-16 gap-2 [&>svg]:max-w-[theme(spacing.8)] transition-transform-colors-opacity motion-reduce:transition-none data-[hover=true]:bg-default/40 md:w-full justify-start h-8 px-3 text-sm rounded-md bg-default-200 text-foreground"
        data-react-aria-pressable="true"
        tabindex="0"
        type="button"
      >
        Large min 45+
      </button>
      <button
        class="z-0 group relative inline-flex items-center box-border appearance-none select-none whitespace-nowrap font-normal subpixel-antialiased overflow-hidden tap-highlight-transparent transform-gpu data-[pressed=true]:scale-[0.97] cursor-pointer outline-solid outline-transparent data-[focus-visible=true]:z-10 data-[focus-visible=true]:outline-2 data-[focus-visible=true]:outline-focus data-[focus-visible=true]:outline-offset-2 min-w-16 gap-2 [&>svg]:max-w-[theme(spacing.8)] transition-transform-colors-opacity motion-reduce:transition-none data-[hover=true]:bg-default/40 md:w-full justify-start h-8 px-3 text-sm rounded-md bg-transparent text-foreground-500"
        data-react-aria-pressable="true"
        tabindex="0"
        type="button"
      >
        UI / Small 60+
      </button>
      <button
        class="z-0 group relative inline-flex items-center box-border appearance-none select-none whitespace-nowrap font-normal subpixel-antialiased overflow-hidden tap-highlight-transparent transform-gpu data-[pressed=true]:scale-[0.97] cursor-pointer outline-solid outline-transparent data-[focus-visible=true]:z-10 data-[focus-visible=true]:outline-2 data-[focus-visible=true]:outline-focus data-[focus-visible=true]:outline-offset-2 min-w-16 gap-2 [&>svg]:max-w-[theme(spacing.8)] transition-transform-colors-opacity motion-reduce:transition-none data-[hover=true]:bg-default/40 md:w-full justify-start h-8 px-3 text-sm rounded-md bg-transparent text-foreground-500"
        data-react-aria-pressable="true"
        tabindex="0"
        type="button"
      >
        Body min 75+
      </button>
      <button
        class="z-0 group relative inline-flex items-center box-border appearance-none select-none whitespace-nowrap font-normal subpixel-antialiased overflow-hidden tap-highlight-transparent transform-gpu data-[pressed=true]:scale-[0.97] cursor-pointer outline-solid outline-transparent data-[focus-visible=true]:z-10 data-[focus-visible=true]:outline-2 data-[focus-visible=true]:outline-focus data-[focus-visible=true]:outline-offset-2 min-w-16 gap-2 [&>svg]:max-w-[theme(spacing.8)] transition-transform-colors-opacity motion-reduce:transition-none data-[hover=true]:bg-default/40 md:w-full justify-start h-8 px-3 text-sm rounded-md bg-transparent text-foreground-500"
        data-react-aria-pressable="true"
        tabindex="0"
        type="button"
      >
        Body pref 90+
      </button>
      <button
        class="z-0 group relative inline-flex items-center box-border appearance-none select-none whitespace-nowrap font-normal subpixel-antialiased overflow-hidden tap-highlight-transparent transform-gpu data-[pressed=true]:scale-[0.97] cursor-pointer outline-solid outline-transparent data-[focus-visible=true]:z-10 data-[focus-visible=true]:outline-2 data-[focus-visible=true]:outline-focus data-[focus-visible=true]:outline-offset-2 min-w-16 gap-2 [&>svg]:max-w-[theme(spacing.8)] transition-transform-colors-opacity motion-reduce:transition-none data-[hover=true]:bg-default/40 md:w-full justify-start h-8 px-3 text-sm rounded-md bg-transparent text-foreground-500"
        data-react-aria-pressable="true"
        tabindex="0"
        type="button"
      >
        All
      </button>
    </div>
  </section>
  <p
    class="text-foreground-500 italic text-sm leading-snug mt-2"
  >
    <span>
      <span>
        L
        <sup>
          c
        </sup>
      </span>
       45 • Large text minimum
    </span>
  </p>
  <div
    class="mt-4"
  >
    <p
      class="text-foreground-500 text-sm"
    >
      Rows = text
    </p>
    <p
      class="text-foreground-500 text-sm"
    >
      Cols = background
    </p>
  </div>
</aside>
`;
