// Vitest Snapshot v1, https://vitest.dev/guide/snapshot.html

exports[`Footer > renders correctly 1`] = `
<footer
  class="w-full px-4 pb-8 pt-4 border-t border-default-200 text-foreground-600"
  data-testid="Footer"
>
  <div
    class="grid grid-cols-1 sm:grid-cols-2 gap-8"
  >
    <div
      class="flex flex-col gap-2"
    >
      <a
        href="/about"
      >
        About
      </a>
      <a
        href="/oklch-vs-hsl"
      >
        OKLCH vs HSL
      </a>
      <a
        href="/custom-color-scales"
      >
        Custom Color Scales
      </a>
      <a
        href="/privacy"
      >
        Privacy
      </a>
      <a
        href="/terms"
      >
        Terms
      </a>
    </div>
    <div
      class="flex flex-col gap-2"
    >
      <div
        data-testid="Contact"
      >
        <button
          class="text-base"
          type="button"
        >
          Feedback
        </button>
      </div>
      <a
        class="inline-flex items-center gap-2"
        href="https://github.com/gilbarbara/color-lab/issues"
        rel="noopener noreferrer"
        target="_blank"
      >
        <svg
          fill="currentColor"
          height="1em"
          viewBox="0 0 256 256"
          width="1em"
          xmlns="http://www.w3.org/2000/svg"
        >
          <path
            d="M144,92a12,12,0,1,1,12,12A12,12,0,0,1,144,92ZM100,80a12,12,0,1,0,12,12A12,12,0,0,0,100,80Zm116,64A87.76,87.76,0,0,1,213,167l22.24,9.72A8,8,0,0,1,232,192a7.89,7.89,0,0,1-3.2-.67L207.38,182a88,88,0,0,1-158.76,0L27.2,191.33A7.89,7.89,0,0,1,24,192a8,8,0,0,1-3.2-15.33L43,167A87.76,87.76,0,0,1,40,144v-8H16a8,8,0,0,1,0-16H40v-8a87.76,87.76,0,0,1,3-23L20.8,79.33a8,8,0,1,1,6.4-14.66L48.62,74a88,88,0,0,1,158.76,0l21.42-9.36a8,8,0,0,1,6.4,14.66L213,89.05a87.76,87.76,0,0,1,3,23v8h24a8,8,0,0,1,0,16H216ZM56,120H200v-8a72,72,0,0,0-144,0Zm64,95.54V136H56v8A72.08,72.08,0,0,0,120,215.54ZM200,144v-8H136v79.54A72.08,72.08,0,0,0,200,144Z"
          />
        </svg>
        Report a problem
      </a>
      <a
        class="inline-flex items-center gap-2"
        href="https://github.com/gilbarbara/color-lab"
        rel="noopener noreferrer"
        target="_blank"
      >
        <img
          alt=""
          class="size-3 block dark:hidden"
          src="/icons/github.svg"
        />
        <img
          alt=""
          class="size-3 hidden dark:block"
          src="/icons/github-dark.svg"
        />
        GitHub
      </a>
      <a
        class="inline-flex items-center gap-2"
        href="https://github.com/gilbarbara/colorizr"
        rel="noopener noreferrer"
        target="_blank"
      >
        colorizr
      </a>
    </div>
  </div>
</footer>
`;
